--------------------------------------------------------------------------------
Release 14.7 Trace  (nt64)
Copyright (c) 1995-2013 Xilinx, Inc.  All rights reserved.

D:\ise\14.7\ISE_DS\ISE\bin\nt64\unwrapped\trce.exe -intstyle ise -v 3 -s 2L -n
3 -fastpaths -xml shijinzhijishuqi.twx shijinzhijishuqi.ncd -o
shijinzhijishuqi.twr shijinzhijishuqi.pcf -ucf shijinzhijishuqi.ucf

Design file:              shijinzhijishuqi.ncd
Physical constraint file: shijinzhijishuqi.pcf
Device,package,speed:     xc7a100t,fgg484,C,-2L (PRODUCTION 1.10 2013-10-13)
Report level:             verbose report

Environment Variable      Effect 
--------------------      ------ 
NONE                      No environment variables were set
--------------------------------------------------------------------------------

INFO:Timing:2698 - No timing constraints found, doing default enumeration.
INFO:Timing:3412 - To improve timing, see the Timing Closure User Guide (UG612).
INFO:Timing:2752 - To get complete path coverage, use the unconstrained paths 
   option. All paths that are not constrained will be reported in the 
   unconstrained paths section(s) of the report.
INFO:Timing:3339 - The clock-to-out numbers in this timing report are based on 
   a 50 Ohm transmission line loading model.  For the details of this model, 
   and for more information on accounting for different loading conditions, 
   please see the device datasheet.



Data Sheet report:
-----------------
All values displayed in nanoseconds (ns)

Setup/Hold to clock clk
------------+------------+------------+------------+------------+------------------+--------+
            |Max Setup to|  Process   |Max Hold to |  Process   |                  | Clock  |
Source      | clk (edge) |   Corner   | clk (edge) |   Corner   |Internal Clock(s) | Phase  |
------------+------------+------------+------------+------------+------------------+--------+
mr          |    0.191(F)|      FAST  |    1.183(F)|      SLOW  |en_clk_AND_6_o    |   0.000|
------------+------------+------------+------------+------------+------------------+--------+

Setup/Hold to clock en
------------+------------+------------+------------+------------+------------------+--------+
            |Max Setup to|  Process   |Max Hold to |  Process   |                  | Clock  |
Source      | clk (edge) |   Corner   | clk (edge) |   Corner   |Internal Clock(s) | Phase  |
------------+------------+------------+------------+------------+------------------+--------+
mr          |   -0.427(F)|      FAST  |    2.133(F)|      SLOW  |en_IBUF_BUFG      |   0.000|
            |    0.515(F)|      SLOW  |    0.752(F)|      SLOW  |en_clk_AND_6_o    |   0.000|
------------+------------+------------+------------+------------+------------------+--------+

Clock clk to Pad
------------+-----------------+------------+-----------------+------------+------------------+--------+
            |Max (slowest) clk|  Process   |Min (fastest) clk|  Process   |                  | Clock  |
Destination |  (edge) to PAD  |   Corner   |  (edge) to PAD  |   Corner   |Internal Clock(s) | Phase  |
------------+-----------------+------------+-----------------+------------+------------------+--------+
co          |         6.711(F)|      SLOW  |         2.970(F)|      FAST  |en_clk_AND_6_o    |   0.000|
------------+-----------------+------------+-----------------+------------+------------------+--------+

Clock en to Pad
------------+-----------------+------------+-----------------+------------+------------------+--------+
            |Max (slowest) clk|  Process   |Min (fastest) clk|  Process   |                  | Clock  |
Destination |  (edge) to PAD  |   Corner   |  (edge) to PAD  |   Corner   |Internal Clock(s) | Phase  |
------------+-----------------+------------+-----------------+------------+------------------+--------+
co          |         6.280(F)|      SLOW  |         2.783(F)|      FAST  |en_clk_AND_6_o    |   0.000|
q<0>        |         8.856(F)|      SLOW  |         3.608(F)|      FAST  |en_IBUF_BUFG      |   0.000|
q<1>        |         8.868(F)|      SLOW  |         3.619(F)|      FAST  |en_IBUF_BUFG      |   0.000|
q<2>        |         8.948(F)|      SLOW  |         3.634(F)|      FAST  |en_IBUF_BUFG      |   0.000|
q<3>        |         9.008(F)|      SLOW  |         3.704(F)|      FAST  |en_IBUF_BUFG      |   0.000|
------------+-----------------+------------+-----------------+------------+------------------+--------+

Clock to Setup on destination clock clk
---------------+---------+---------+---------+---------+
               | Src:Rise| Src:Fall| Src:Rise| Src:Fall|
Source Clock   |Dest:Rise|Dest:Rise|Dest:Fall|Dest:Fall|
---------------+---------+---------+---------+---------+
en             |         |         |         |    3.906|
---------------+---------+---------+---------+---------+

Clock to Setup on destination clock en
---------------+---------+---------+---------+---------+
               | Src:Rise| Src:Fall| Src:Rise| Src:Fall|
Source Clock   |Dest:Rise|Dest:Rise|Dest:Fall|Dest:Fall|
---------------+---------+---------+---------+---------+
clk            |         |         |   -0.653|   -0.653|
en             |         |         |         |    3.906|
---------------+---------+---------+---------+---------+


Analysis completed Wed Dec 15 12:58:46 2021 
--------------------------------------------------------------------------------

Trace Settings:
-------------------------
Trace Settings 

Peak Memory Usage: 4949 MB



